// Jest Snapshot v1, https://goo.gl/fbAQLP

exports[`Footer renders correctly 1`] = `
<div
  id="footer"
>
  <div
    className="content"
  >
    <a
      className="link"
      href="http://flama.is"
      target="_blank"
    >
      made with â™¥ by flama
    </a>
  </div>
</div>
`;
