// Jest Snapshot v1, https://goo.gl/fbAQLP

exports[`the NavBar renders correctly 1`] = `
<div
  id="navbar"
>
  <a
    className="left"
    href="http://flama.is"
    target="_blank"
  >
    made with â™¥ by flama
  </a>
  <div
    className="right"
  >
    <div
      className="nav-burger"
      onClick={[Function]}
    />
    <div
      className="nav-items"
    >
      <a
        className="right"
        onClick={[Function]}
      >
        share
      </a>
      <a
        className="right"
        onClick={[Function]}
      >
        about us
      </a>
    </div>
  </div>
</div>
`;
