// Jest Snapshot v1, https://goo.gl/fbAQLP

exports[`DataLoader should render correctly 1`] = `<div />`;
